<!DOCTYPE html>
<html lang="en">
<head>
  <meta charset="UTF-8">
  <title>Test A</title>
</head>
<body>
  <div class="a" ng-class="{'Z bb': show()}">
    <div class="b">
      <div class="c F"></div>
      <div class="c F"></div>
    </div>
    <div class="b bb">
      <div class="U z"></div>
    </div>
  </div>
</body>
</html>
