<!DOCTYPE html>
<html lang="en">
<head>
  <meta charset="UTF-8">
  <title>Test B</title>
</head>
<body>
  <div class="a">
    <div class="b">
      <div class="bf c"></div>
      <div class="bf c"></div>
    </div>
    <div class="b">
      <div class="bu z"></div>
    </div>
  </div>
</body>
</html>
