<!DOCTYPE html>
<html lang="en">
<head>
  <meta charset="UTF-8">
  <title>Test C</title>
</head>
<body>
  <div class="a">
    <div class="b">
      <div class="F c"></div>
      <div class="F c"></div>
    </div>
    <div class="b">
      <div class="U z"></div>
    </div>
  </div>
</body>
</html>
