<!DOCTYPE html>
<html lang="en">
<head>
  <meta charset="UTF-8">
  <title>Test</title>
</head>
<body>
  <div id="main" CLASS="a b" role="document" data-ng-class="{'c': isHidden(), 'd': isHome()}">
    <div class="e">
      <div class="f g h">
        <h1 class="i l">Title</h1>
        <a id="close" href="http://www.google.com" class="j js-link" ng-class="{'k': isOpen()}">Close</a>
      </div>
    </div>
  </div>
</body>
</html>
